// Jest Snapshot v1, https://goo.gl/fbAQLP

exports[`<Header /> renders the component 1`] = `
<header>
  <h1>
    Header
  </h1>
</header>
`;
