// Jest Snapshot v1, https://goo.gl/fbAQLP

exports[`the results component renders the component 1`] = `
<ul
  className="results"
>
  <ResultItem
    category="brain games"
    description="description of the experience"
    key="test experience 10"
    name="test experience 1"
    price={
      Object {
        "amount": 234,
        "currency": "USD",
      }
    }
  />
  <ResultItem
    category="brain games"
    description="description of the second experience"
    key="test experience 21"
    name="test experience 2"
    price={
      Object {
        "amount": 222222,
        "currency": "GBP",
      }
    }
  />
</ul>
`;

exports[`the results component renders the component when no experiences are available 1`] = `
<p>
  No results match your criteria. Try changing the filter options.
</p>
`;
