// Jest Snapshot v1, https://goo.gl/fbAQLP

exports[`the footer component renders the component 1`] = `
<footer>
  <h1>
    Footer
  </h1>
</footer>
`;
