// Jest Snapshot v1, https://goo.gl/fbAQLP

exports[`<App /> renders the app 1`] = `
<div>
  <Header />
  <Content>
    <FilterPage />
  </Content>
  <Footer />
</div>
`;
