// Jest Snapshot v1, https://goo.gl/fbAQLP

exports[`the filter page component renders the component 1`] = `
<div>
  <Filter />
  <Results />
</div>
`;
